vite v5.4.21 building for production...
transforming...
✓ 2961 modules transformed.
x Build failed in 10.22s
error during build:
[vite-plugin-pwa:build] [plugin vite-plugin-pwa:build] There was an error during the build:
  [vite]: Rollup failed to resolve import "react-hot-toast" from "/Users/a/Mon Drive/gestion-de-classe/src/pages/MobileDashboard.jsx".
This is most likely unintended because it can break your application at runtime.
If you do want to externalize this module explicitly add it to
`build.rollupOptions.external`
Additionally, handling the error in the 'buildEnd' hook caused the following error:
  [vite]: Rollup failed to resolve import "react-hot-toast" from "/Users/a/Mon Drive/gestion-de-classe/src/pages/MobileDashboard.jsx".
This is most likely unintended because it can break your application at runtime.
If you do want to externalize this module explicitly add it to
`build.rollupOptions.external`
    at getRollupError (file:///Users/a/Mon%20Drive/gestion-de-classe/node_modules/rollup/dist/es/shared/parseAst.js:401:41)
    at file:///Users/a/Mon%20Drive/gestion-de-classe/node_modules/rollup/dist/es/shared/node-entry.js:23418:39
    at async catchUnfinishedHookActions (file:///Users/a/Mon%20Drive/gestion-de-classe/node_modules/rollup/dist/es/shared/node-entry.js:22876:16)
    at async rollupInternal (file:///Users/a/Mon%20Drive/gestion-de-classe/node_modules/rollup/dist/es/shared/node-entry.js:23401:5)
    at async build (file:///Users/a/Mon%20Drive/gestion-de-classe/node_modules/vite/dist/node/chunks/dep-BK3b2jBa.js:65709:14)
    at async CAC.<anonymous> (file:///Users/a/Mon%20Drive/gestion-de-classe/node_modules/vite/dist/node/cli.js:829:5)
